'''
<root>: CompiledGraphModule
├─root_inputs: Tensor(1, 100)
├─child_a: CompiledGraphModule
│ ├─a_inputs: Tensor(1, 100)
│ ├─grandchildren_b_0: CompiledGraphModule
│ │ ├─b_inputs: Tensor(1, 100)
│ │ ├─a_inputs: Tensor(1, 100)
│ │ ├─ones_like: Tensor(1, 100)
│ │ ├─mul: Tensor(1, 100)
│ │ ├─c: CompiledGraphModule
│ │ │ ├─c_inputs: Tensor(1, 100)
│ │ │ ├─inputs_2: Tensor(1, 100)
│ │ │ ├─inputs_3: Tensor(1, 100)
│ │ │ ├─inputs_4: Tensor(1, 100)
│ │ │ ├─add: Tensor(1, 100)
│ │ │ ├─add_1: Tensor(1, 100)
│ │ │ ├─add_2: Tensor(1, 100)
│ │ │ ├─c_linear: CompiledGraphModule
│ │ │ │ ├─input: Tensor(1, 100)
│ │ │ │ ├─weight: Tensor(100, 100)
│ │ │ │ ├─bias: Tensor(100)
│ │ │ │ ├─linear: Tensor(1, 100)
│ │ │ │ └─output: Tensor(1, 100)
│ │ │ └─output: Tensor(1, 100)
│ │ ├─b_linear: CompiledGraphModule
│ │ │ ├─input: Tensor(1, 100)
│ │ │ ├─weight: Tensor(100, 100)
│ │ │ ├─bias: Tensor(100)
│ │ │ ├─linear: Tensor(1, 100)
│ │ │ └─output: Tensor(1, 100)
│ │ └─output: Tensor(1, 100)
│ ├─grandchildren_b_1: CompiledGraphModule
│ │ ├─b_inputs: Tensor(1, 100)
│ │ ├─a_inputs: Tensor(1, 100)
│ │ ├─ones_like: Tensor(1, 100)
│ │ ├─mul: Tensor(1, 100)
│ │ ├─c: CompiledGraphModule
│ │ │ ├─c_inputs: Tensor(1, 100)
│ │ │ ├─inputs_2: Tensor(1, 100)
│ │ │ ├─inputs_3: Tensor(1, 100)
│ │ │ ├─inputs_4: Tensor(1, 100)
│ │ │ ├─add: Tensor(1, 100)
│ │ │ ├─add_1: Tensor(1, 100)
│ │ │ ├─add_2: Tensor(1, 100)
│ │ │ ├─c_linear: CompiledGraphModule
│ │ │ │ ├─input: Tensor(1, 100)
│ │ │ │ ├─weight: Tensor(100, 100)
│ │ │ │ ├─bias: Tensor(100)
│ │ │ │ ├─linear: Tensor(1, 100)
│ │ │ │ └─output: Tensor(1, 100)
│ │ │ └─output: Tensor(1, 100)
│ │ ├─b_linear: CompiledGraphModule
│ │ │ ├─input: Tensor(1, 100)
│ │ │ ├─weight: Tensor(100, 100)
│ │ │ ├─bias: Tensor(100)
│ │ │ ├─linear: Tensor(1, 100)
│ │ │ └─output: Tensor(1, 100)
│ │ └─output: Tensor(1, 100)
│ ├─grandchildren_b_2: CompiledGraphModule
│ │ ├─b_inputs: Tensor(1, 100)
│ │ ├─a_inputs: Tensor(1, 100)
│ │ ├─ones_like: Tensor(1, 100)
│ │ ├─mul: Tensor(1, 100)
│ │ ├─c: CompiledGraphModule
│ │ │ ├─c_inputs: Tensor(1, 100)
│ │ │ ├─inputs_2: Tensor(1, 100)
│ │ │ ├─inputs_3: Tensor(1, 100)
│ │ │ ├─inputs_4: Tensor(1, 100)
│ │ │ ├─add: Tensor(1, 100)
│ │ │ ├─add_1: Tensor(1, 100)
│ │ │ ├─add_2: Tensor(1, 100)
│ │ │ ├─c_linear: CompiledGraphModule
│ │ │ │ ├─input: Tensor(1, 100)
│ │ │ │ ├─weight: Tensor(100, 100)
│ │ │ │ ├─bias: Tensor(100)
│ │ │ │ ├─linear: Tensor(1, 100)
│ │ │ │ └─output: Tensor(1, 100)
│ │ │ └─output: Tensor(1, 100)
│ │ ├─b_linear: CompiledGraphModule
│ │ │ ├─input: Tensor(1, 100)
│ │ │ ├─weight: Tensor(100, 100)
│ │ │ ├─bias: Tensor(100)
│ │ │ ├─linear: Tensor(1, 100)
│ │ │ └─output: Tensor(1, 100)
│ │ └─output: Tensor(1, 100)
│ ├─a_linear: CompiledGraphModule
│ │ ├─input: Tensor(1, 100)
│ │ ├─weight: Tensor(100, 100)
│ │ ├─bias: Tensor(100)
│ │ ├─linear: Tensor(1, 100)
│ │ └─output: Tensor(1, 100)
│ └─output: Tensor(1, 100)
├─root_linear: CompiledGraphModule
│ ├─input: Tensor(1, 100)
│ ├─weight: Tensor(100, 100)
│ ├─bias: Tensor(100)
│ ├─linear: Tensor(1, 100)
│ └─output: Tensor(1, 100)
└─output: Tensor(1, 100)
'''