'''
<root>: CompiledGraphModule
├─x: Tensor(3, 3)
├─duped_linear: CompiledGraphModule
│ ├─input: Tensor(3, 3)
│ ├─weight: Tensor(3, 3)
│ ├─bias: Tensor(3)
│ ├─linear: Tensor(3, 3)
│ └─output: Tensor(3, 3)
├─module_dict_foo: CompiledGraphModule
│ ├─input: Tensor(3, 3)
│ ├─weight: Tensor(3, 3)
│ ├─bias: Tensor(3)
│ ├─linear: Tensor(3, 3)
│ └─output: Tensor(3, 3)
├─y: Tensor(3, 3)
├─module_dict_bar_baz_0: CompiledGraphModule
│ ├─input: Tensor(3, 3)
│ ├─weight: Tensor(3, 3)
│ ├─bias: Tensor(3)
│ ├─linear: Tensor(3, 3)
│ └─output: Tensor(3, 3)
├─linear_0: CompiledGraphModule
│ ├─input: Tensor(3, 3)
│ ├─weight: Tensor(3, 3)
│ ├─bias: Tensor(3)
│ ├─linear: Tensor(3, 3)
│ └─output: Tensor(3, 3)
├─mul: Tensor(3, 3)
├─y_1: Tensor(3, 3)
├─module_dict_bar_baz_1: CompiledGraphModule
│ ├─input: Tensor(3, 3)
│ ├─weight: Tensor(3, 3)
│ ├─bias: Tensor(3)
│ ├─linear: Tensor(3, 3)
│ └─output: Tensor(3, 3)
├─linear_1: CompiledGraphModule
│ ├─input: Tensor(3, 3)
│ ├─weight: Tensor(3, 3)
│ ├─bias: Tensor(3)
│ ├─linear: Tensor(3, 3)
│ └─output: Tensor(3, 3)
├─mul_1: Tensor(3, 3)
├─y_2: Tensor(3, 3)
├─module_dict_bar_baz_2: CompiledGraphModule
│ ├─input: Tensor(3, 3)
│ ├─sub_0: CompiledGraphModule
│ │ ├─input: Tensor(3, 3)
│ │ ├─weight: Tensor(3, 3)
│ │ ├─bias: Tensor(3)
│ │ ├─linear: Tensor(3, 3)
│ │ └─output: Tensor(3, 3)
│ ├─sub_1: CompiledGraphModule
│ │ ├─input: Tensor(3, 3)
│ │ ├─weight: Tensor(3, 3)
│ │ ├─bias: Tensor(3)
│ │ ├─linear: Tensor(3, 3)
│ │ └─output: Tensor(3, 3)
│ ├─sub_2: CompiledGraphModule
│ │ ├─input: Tensor(3, 3)
│ │ ├─sub_0: CompiledGraphModule
│ │ │ ├─input: Tensor(3, 3)
│ │ │ ├─weight: Tensor(3, 3)
│ │ │ ├─bias: Tensor(3)
│ │ │ ├─linear: Tensor(3, 3)
│ │ │ └─output: Tensor(3, 3)
│ │ ├─sub_1: CompiledGraphModule
│ │ │ ├─input: Tensor(3, 3)
│ │ │ ├─weight: Tensor(3, 3)
│ │ │ ├─bias: Tensor(3)
│ │ │ ├─linear: Tensor(3, 3)
│ │ │ └─output: Tensor(3, 3)
│ │ └─output: Tensor(3, 3)
│ ├─sub_3: CompiledGraphModule
│ │ ├─input: Tensor(3, 3)
│ │ ├─weight: Tensor(3, 3)
│ │ ├─bias: Tensor(3)
│ │ ├─linear: Tensor(3, 3)
│ │ └─output: Tensor(3, 3)
│ └─output: Tensor(3, 3)
├─linear_2: CompiledGraphModule
│ ├─input: Tensor(3, 3)
│ ├─weight: Tensor(3, 3)
│ ├─bias: Tensor(3)
│ ├─linear: Tensor(3, 3)
│ └─output: Tensor(3, 3)
├─mul_2: Tensor(3, 3)
├─y_3: Tensor(3, 3)
├─module_list_0_0: CompiledGraphModule
│ ├─input: Tensor(3, 3)
│ ├─weight: Tensor(3, 3)
│ ├─bias: Tensor(3)
│ ├─linear: Tensor(3, 3)
│ └─output: Tensor(3, 3)
├─y_4: Tensor(3, 3)
├─module_list_1: CompiledGraphModule
│ ├─input: Tensor(3, 3)
│ ├─weight: Tensor(3, 3)
│ ├─bias: Tensor(3)
│ ├─linear: Tensor(3, 3)
│ └─output: Tensor(3, 3)
├─y_5: Tensor(3, 3)
├─sequential: CompiledGraphModule
│ ├─input: Tensor(3, 3)
│ ├─sub_0: CompiledGraphModule
│ │ ├─input: Tensor(3, 3)
│ │ ├─weight: Tensor(3, 3)
│ │ ├─bias: Tensor(3)
│ │ ├─linear: Tensor(3, 3)
│ │ └─output: Tensor(3, 3)
│ ├─sub_1: CompiledGraphModule
│ │ ├─input: Tensor(3, 3)
│ │ ├─weight: Tensor(3, 3)
│ │ ├─bias: Tensor(3)
│ │ ├─linear: Tensor(3, 3)
│ │ └─output: Tensor(3, 3)
│ ├─sub_2: CompiledGraphModule
│ │ ├─input: Tensor(3, 3)
│ │ ├─sub_0: CompiledGraphModule
│ │ │ ├─input: Tensor(3, 3)
│ │ │ ├─weight: Tensor(3, 3)
│ │ │ ├─bias: Tensor(3)
│ │ │ ├─linear: Tensor(3, 3)
│ │ │ └─output: Tensor(3, 3)
│ │ ├─sub_1: CompiledGraphModule
│ │ │ ├─input: Tensor(3, 3)
│ │ │ ├─weight: Tensor(3, 3)
│ │ │ ├─bias: Tensor(3)
│ │ │ ├─linear: Tensor(3, 3)
│ │ │ └─output: Tensor(3, 3)
│ │ └─output: Tensor(3, 3)
│ ├─sub_3: CompiledGraphModule
│ │ ├─input: Tensor(3, 3)
│ │ ├─weight: Tensor(3, 3)
│ │ ├─bias: Tensor(3)
│ │ ├─linear: Tensor(3, 3)
│ │ └─output: Tensor(3, 3)
│ └─output: Tensor(3, 3)
├─linear_3: CompiledGraphModule
│ ├─input: Tensor(3, 3)
│ ├─weight: Tensor(3, 3)
│ ├─bias: Tensor(3)
│ ├─linear: Tensor(3, 3)
│ └─output: Tensor(3, 3)
├─add: Tensor(3, 3)
├─module_list_0_1: CompiledGraphModule
│ ├─input: Tensor(3, 3)
│ ├─weight: Tensor(3, 3)
│ ├─bias: Tensor(3)
│ ├─linear: Tensor(3, 3)
│ └─output: Tensor(3, 3)
├─add_1: Tensor(3, 3)
└─output: Tensor(3, 3)
'''