'''
<root>: OpaqueGraphModule
├─x: Tensor(3, 3)
├─sub_shape: tuple(2)
│ ├─sub_0: int
│ └─sub_1: int
├─linear_0: OpaqueGraphModule
│ ├─input: Tensor(3, 3)
│ ├─constants: list(2)
│ │ ├─sub_0: str
│ │ └─sub_1: str
│ ├─bias: Tensor(3)
│ ├─in_features: int
│ ├─out_features: int
│ ├─weight: Tensor(3, 3)
│ └─output: Tensor(3, 3)
├─linear_1: OpaqueGraphModule
│ ├─input: Tensor(3, 3)
│ ├─constants: list(2)
│ │ ├─sub_0: str
│ │ └─sub_1: str
│ ├─bias: Tensor(3)
│ ├─in_features: int
│ ├─out_features: int
│ ├─weight: Tensor(3, 3)
│ └─output: Tensor(3, 3)
├─linear_2: OpaqueGraphModule
│ ├─input: Tensor(3, 3)
│ ├─constants: list(2)
│ │ ├─sub_0: str
│ │ └─sub_1: str
│ ├─bias: Tensor(3)
│ ├─in_features: int
│ ├─out_features: int
│ ├─weight: Tensor(3, 3)
│ └─output: Tensor(3, 3)
├─linear_3: OpaqueGraphModule
│ ├─input: Tensor(3, 3)
│ ├─constants: list(2)
│ │ ├─sub_0: str
│ │ └─sub_1: str
│ ├─bias: Tensor(3)
│ ├─in_features: int
│ ├─out_features: int
│ ├─weight: Tensor(3, 3)
│ └─output: Tensor(3, 3)
├─duped_linear: OpaqueGraphModule
│ ├─input: Tensor(3, 3)
│ ├─constants: list(2)
│ │ ├─sub_0: str
│ │ └─sub_1: str
│ ├─bias: Tensor(3)
│ ├─in_features: int
│ ├─out_features: int
│ ├─weight: Tensor(3, 3)
│ └─output: Tensor(3, 3)
├─sequential: OpaqueGraphModule
│ ├─input: Tensor(3, 3)
│ ├─sub_0: OpaqueGraphModule
│ │ ├─input: Tensor(3, 3)
│ │ ├─constants: list(2)
│ │ │ ├─sub_0: str
│ │ │ └─sub_1: str
│ │ ├─bias: Tensor(3)
│ │ ├─in_features: int
│ │ ├─out_features: int
│ │ ├─weight: Tensor(3, 3)
│ │ └─output: Tensor(3, 3)
│ ├─sub_1: OpaqueGraphModule
│ │ ├─input: Tensor(3, 3)
│ │ ├─constants: list(2)
│ │ │ ├─sub_0: str
│ │ │ └─sub_1: str
│ │ ├─bias: Tensor(3)
│ │ ├─in_features: int
│ │ ├─out_features: int
│ │ ├─weight: Tensor(3, 3)
│ │ └─output: Tensor(3, 3)
│ ├─sub_2: OpaqueGraphModule
│ │ ├─input: Tensor(3, 3)
│ │ ├─sub_0: OpaqueGraphModule
│ │ │ ├─input: Tensor(3, 3)
│ │ │ ├─constants: list(2)
│ │ │ │ ├─sub_0: str
│ │ │ │ └─sub_1: str
│ │ │ ├─bias: Tensor(3)
│ │ │ ├─in_features: int
│ │ │ ├─out_features: int
│ │ │ ├─weight: Tensor(3, 3)
│ │ │ └─output: Tensor(3, 3)
│ │ ├─sub_1: OpaqueGraphModule
│ │ │ ├─input: Tensor(3, 3)
│ │ │ ├─constants: list(2)
│ │ │ │ ├─sub_0: str
│ │ │ │ └─sub_1: str
│ │ │ ├─bias: Tensor(3)
│ │ │ ├─in_features: int
│ │ │ ├─out_features: int
│ │ │ ├─weight: Tensor(3, 3)
│ │ │ └─output: Tensor(3, 3)
│ │ └─output: Tensor(3, 3)
│ ├─sub_3: OpaqueGraphModule
│ │ ├─input: Tensor(3, 3)
│ │ ├─constants: list(2)
│ │ │ ├─sub_0: str
│ │ │ └─sub_1: str
│ │ ├─bias: Tensor(3)
│ │ ├─in_features: int
│ │ ├─out_features: int
│ │ ├─weight: Tensor(3, 3)
│ │ └─output: Tensor(3, 3)
│ └─output: Tensor(3, 3)
├─module_list_0_0: OpaqueGraphModule
│ ├─input: Tensor(3, 3)
│ ├─constants: list(2)
│ │ ├─sub_0: str
│ │ └─sub_1: str
│ ├─bias: Tensor(3)
│ ├─in_features: int
│ ├─out_features: int
│ ├─weight: Tensor(3, 3)
│ └─output: Tensor(3, 3)
├─module_list_0_1: OpaqueGraphModule
│ ├─input: Tensor(3, 3)
│ ├─constants: list(2)
│ │ ├─sub_0: str
│ │ └─sub_1: str
│ ├─bias: Tensor(3)
│ ├─in_features: int
│ ├─out_features: int
│ ├─weight: Tensor(3, 3)
│ └─output: Tensor(3, 3)
├─module_list_1: OpaqueGraphModule
│ ├─input: Tensor(3, 3)
│ ├─constants: list(2)
│ │ ├─sub_0: str
│ │ └─sub_1: str
│ ├─bias: Tensor(3)
│ ├─in_features: int
│ ├─out_features: int
│ ├─weight: Tensor(3, 3)
│ └─output: Tensor(3, 3)
├─module_dict_foo: OpaqueGraphModule
│ ├─input: Tensor(3, 3)
│ ├─constants: list(2)
│ │ ├─sub_0: str
│ │ └─sub_1: str
│ ├─bias: Tensor(3)
│ ├─in_features: int
│ ├─out_features: int
│ ├─weight: Tensor(3, 3)
│ └─output: Tensor(3, 3)
├─module_dict_bar_baz_0: OpaqueGraphModule
│ ├─input: Tensor(3, 3)
│ ├─constants: list(2)
│ │ ├─sub_0: str
│ │ └─sub_1: str
│ ├─bias: Tensor(3)
│ ├─in_features: int
│ ├─out_features: int
│ ├─weight: Tensor(3, 3)
│ └─output: Tensor(3, 3)
├─module_dict_bar_baz_1: OpaqueGraphModule
│ ├─input: Tensor(3, 3)
│ ├─constants: list(2)
│ │ ├─sub_0: str
│ │ └─sub_1: str
│ ├─bias: Tensor(3)
│ ├─in_features: int
│ ├─out_features: int
│ ├─weight: Tensor(3, 3)
│ └─output: Tensor(3, 3)
├─module_dict_bar_baz_2: OpaqueGraphModule
│ ├─input: Tensor(3, 3)
│ ├─sub_0: OpaqueGraphModule
│ │ ├─input: Tensor(3, 3)
│ │ ├─constants: list(2)
│ │ │ ├─sub_0: str
│ │ │ └─sub_1: str
│ │ ├─bias: Tensor(3)
│ │ ├─in_features: int
│ │ ├─out_features: int
│ │ ├─weight: Tensor(3, 3)
│ │ └─output: Tensor(3, 3)
│ ├─sub_1: OpaqueGraphModule
│ │ ├─input: Tensor(3, 3)
│ │ ├─constants: list(2)
│ │ │ ├─sub_0: str
│ │ │ └─sub_1: str
│ │ ├─bias: Tensor(3)
│ │ ├─in_features: int
│ │ ├─out_features: int
│ │ ├─weight: Tensor(3, 3)
│ │ └─output: Tensor(3, 3)
│ ├─sub_2: OpaqueGraphModule
│ │ ├─input: Tensor(3, 3)
│ │ ├─sub_0: OpaqueGraphModule
│ │ │ ├─input: Tensor(3, 3)
│ │ │ ├─constants: list(2)
│ │ │ │ ├─sub_0: str
│ │ │ │ └─sub_1: str
│ │ │ ├─bias: Tensor(3)
│ │ │ ├─in_features: int
│ │ │ ├─out_features: int
│ │ │ ├─weight: Tensor(3, 3)
│ │ │ └─output: Tensor(3, 3)
│ │ ├─sub_1: OpaqueGraphModule
│ │ │ ├─input: Tensor(3, 3)
│ │ │ ├─constants: list(2)
│ │ │ │ ├─sub_0: str
│ │ │ │ └─sub_1: str
│ │ │ ├─bias: Tensor(3)
│ │ │ ├─in_features: int
│ │ │ ├─out_features: int
│ │ │ ├─weight: Tensor(3, 3)
│ │ │ └─output: Tensor(3, 3)
│ │ └─output: Tensor(3, 3)
│ ├─sub_3: OpaqueGraphModule
│ │ ├─input: Tensor(3, 3)
│ │ ├─constants: list(2)
│ │ │ ├─sub_0: str
│ │ │ └─sub_1: str
│ │ ├─bias: Tensor(3)
│ │ ├─in_features: int
│ │ ├─out_features: int
│ │ ├─weight: Tensor(3, 3)
│ │ └─output: Tensor(3, 3)
│ └─output: Tensor(3, 3)
└─output: Tensor(3, 3)
'''