'''
<root>: OpaqueGraphModule
├─x: Tensor(10, 10)
├─sub_shape: tuple(2)
│ ├─sub_0: int
│ └─sub_1: int
├─child_a: OpaqueGraphModule
│ ├─a_inputs: Tensor(10, 10)
│ ├─a_linear: OpaqueGraphModule
│ │ ├─input: Tensor(10, 10)
│ │ ├─constants: list(2)
│ │ │ ├─sub_0: str
│ │ │ └─sub_1: str
│ │ ├─bias: Tensor(10)
│ │ ├─in_features: int
│ │ ├─out_features: int
│ │ ├─weight: Tensor(10, 10)
│ │ └─output: Tensor(10, 10)
│ ├─grandchildren_b_0: OpaqueGraphModule
│ │ ├─b_inputs: Tensor(10, 10)
│ │ ├─a_inputs: Tensor(10, 10)
│ │ ├─b_linear: OpaqueGraphModule
│ │ │ ├─input: Tensor(10, 10)
│ │ │ ├─constants: list(2)
│ │ │ │ ├─sub_0: str
│ │ │ │ └─sub_1: str
│ │ │ ├─bias: Tensor(10)
│ │ │ ├─in_features: int
│ │ │ ├─out_features: int
│ │ │ ├─weight: Tensor(10, 10)
│ │ │ └─output: Tensor(10, 10)
│ │ ├─c: OpaqueGraphModule
│ │ │ ├─c_inputs: Tensor(10, 10)
│ │ │ ├─inputs_2: Tensor(10, 10)
│ │ │ ├─inputs_3: Tensor(10, 10)
│ │ │ ├─inputs_4: Tensor(10, 10)
│ │ │ ├─c_linear_0: OpaqueGraphModule
│ │ │ │ ├─input: Tensor(10, 10)
│ │ │ │ ├─constants: list(2)
│ │ │ │ │ ├─sub_0: str
│ │ │ │ │ └─sub_1: str
│ │ │ │ ├─bias: Tensor(10)
│ │ │ │ ├─in_features: int
│ │ │ │ ├─out_features: int
│ │ │ │ ├─weight: Tensor(10, 10)
│ │ │ │ └─output: Tensor(10, 10)
│ │ │ ├─c_linear_1: OpaqueGraphModule
│ │ │ │ ├─input: Tensor(10, 10)
│ │ │ │ ├─constants: list(2)
│ │ │ │ │ ├─sub_0: str
│ │ │ │ │ └─sub_1: str
│ │ │ │ ├─bias: Tensor(10)
│ │ │ │ ├─in_features: int
│ │ │ │ ├─out_features: int
│ │ │ │ ├─weight: Tensor(10, 10)
│ │ │ │ └─output: Tensor(10, 10)
│ │ │ ├─c_linear_2: OpaqueGraphModule
│ │ │ │ ├─input: Tensor(10, 10)
│ │ │ │ ├─constants: list(2)
│ │ │ │ │ ├─sub_0: str
│ │ │ │ │ └─sub_1: str
│ │ │ │ ├─bias: Tensor(10)
│ │ │ │ ├─in_features: int
│ │ │ │ ├─out_features: int
│ │ │ │ ├─weight: Tensor(10, 10)
│ │ │ │ └─output: Tensor(10, 10)
│ │ │ └─output: list(2)
│ │ │   ├─sub_0: Tensor(10, 10)
│ │ │   └─sub_1: tuple(2)
│ │ │     ├─sub_0: Tensor(10, 10)
│ │ │     └─sub_1: Tensor(10, 10)
│ │ └─output: tuple(1)
│ │   └─sub_0: tuple(1)
│ │     └─sub_0: tuple(1)
│ │       └─sub_0: tuple(1)
│ │         └─sub_0: tuple(1)
│ │           └─sub_0: Tensor(10, 10)
│ ├─grandchildren_b_1: OpaqueGraphModule
│ │ ├─b_inputs: Tensor(10, 10)
│ │ ├─a_inputs: Tensor(10, 10)
│ │ ├─b_linear: OpaqueGraphModule
│ │ │ ├─input: Tensor(10, 10)
│ │ │ ├─constants: list(2)
│ │ │ │ ├─sub_0: str
│ │ │ │ └─sub_1: str
│ │ │ ├─bias: Tensor(10)
│ │ │ ├─in_features: int
│ │ │ ├─out_features: int
│ │ │ ├─weight: Tensor(10, 10)
│ │ │ └─output: Tensor(10, 10)
│ │ ├─c: OpaqueGraphModule
│ │ │ ├─c_inputs: Tensor(10, 10)
│ │ │ ├─inputs_2: Tensor(10, 10)
│ │ │ ├─inputs_3: Tensor(10, 10)
│ │ │ ├─inputs_4: Tensor(10, 10)
│ │ │ ├─c_linear_0: OpaqueGraphModule
│ │ │ │ ├─input: Tensor(10, 10)
│ │ │ │ ├─constants: list(2)
│ │ │ │ │ ├─sub_0: str
│ │ │ │ │ └─sub_1: str
│ │ │ │ ├─bias: Tensor(10)
│ │ │ │ ├─in_features: int
│ │ │ │ ├─out_features: int
│ │ │ │ ├─weight: Tensor(10, 10)
│ │ │ │ └─output: Tensor(10, 10)
│ │ │ ├─c_linear_1: OpaqueGraphModule
│ │ │ │ ├─input: Tensor(10, 10)
│ │ │ │ ├─constants: list(2)
│ │ │ │ │ ├─sub_0: str
│ │ │ │ │ └─sub_1: str
│ │ │ │ ├─bias: Tensor(10)
│ │ │ │ ├─in_features: int
│ │ │ │ ├─out_features: int
│ │ │ │ ├─weight: Tensor(10, 10)
│ │ │ │ └─output: Tensor(10, 10)
│ │ │ ├─c_linear_2: OpaqueGraphModule
│ │ │ │ ├─input: Tensor(10, 10)
│ │ │ │ ├─constants: list(2)
│ │ │ │ │ ├─sub_0: str
│ │ │ │ │ └─sub_1: str
│ │ │ │ ├─bias: Tensor(10)
│ │ │ │ ├─in_features: int
│ │ │ │ ├─out_features: int
│ │ │ │ ├─weight: Tensor(10, 10)
│ │ │ │ └─output: Tensor(10, 10)
│ │ │ └─output: list(2)
│ │ │   ├─sub_0: Tensor(10, 10)
│ │ │   └─sub_1: tuple(2)
│ │ │     ├─sub_0: Tensor(10, 10)
│ │ │     └─sub_1: Tensor(10, 10)
│ │ └─output: tuple(1)
│ │   └─sub_0: tuple(1)
│ │     └─sub_0: tuple(1)
│ │       └─sub_0: tuple(1)
│ │         └─sub_0: tuple(1)
│ │           └─sub_0: Tensor(10, 10)
│ ├─grandchildren_b_2: OpaqueGraphModule
│ │ ├─b_inputs: Tensor(10, 10)
│ │ ├─a_inputs: Tensor(10, 10)
│ │ ├─b_linear: OpaqueGraphModule
│ │ │ ├─input: Tensor(10, 10)
│ │ │ ├─constants: list(2)
│ │ │ │ ├─sub_0: str
│ │ │ │ └─sub_1: str
│ │ │ ├─bias: Tensor(10)
│ │ │ ├─in_features: int
│ │ │ ├─out_features: int
│ │ │ ├─weight: Tensor(10, 10)
│ │ │ └─output: Tensor(10, 10)
│ │ ├─c: OpaqueGraphModule
│ │ │ ├─c_inputs: Tensor(10, 10)
│ │ │ ├─inputs_2: Tensor(10, 10)
│ │ │ ├─inputs_3: Tensor(10, 10)
│ │ │ ├─inputs_4: Tensor(10, 10)
│ │ │ ├─c_linear_0: OpaqueGraphModule
│ │ │ │ ├─input: Tensor(10, 10)
│ │ │ │ ├─constants: list(2)
│ │ │ │ │ ├─sub_0: str
│ │ │ │ │ └─sub_1: str
│ │ │ │ ├─bias: Tensor(10)
│ │ │ │ ├─in_features: int
│ │ │ │ ├─out_features: int
│ │ │ │ ├─weight: Tensor(10, 10)
│ │ │ │ └─output: Tensor(10, 10)
│ │ │ ├─c_linear_1: OpaqueGraphModule
│ │ │ │ ├─input: Tensor(10, 10)
│ │ │ │ ├─constants: list(2)
│ │ │ │ │ ├─sub_0: str
│ │ │ │ │ └─sub_1: str
│ │ │ │ ├─bias: Tensor(10)
│ │ │ │ ├─in_features: int
│ │ │ │ ├─out_features: int
│ │ │ │ ├─weight: Tensor(10, 10)
│ │ │ │ └─output: Tensor(10, 10)
│ │ │ ├─c_linear_2: OpaqueGraphModule
│ │ │ │ ├─input: Tensor(10, 10)
│ │ │ │ ├─constants: list(2)
│ │ │ │ │ ├─sub_0: str
│ │ │ │ │ └─sub_1: str
│ │ │ │ ├─bias: Tensor(10)
│ │ │ │ ├─in_features: int
│ │ │ │ ├─out_features: int
│ │ │ │ ├─weight: Tensor(10, 10)
│ │ │ │ └─output: Tensor(10, 10)
│ │ │ └─output: list(2)
│ │ │   ├─sub_0: Tensor(10, 10)
│ │ │   └─sub_1: tuple(2)
│ │ │     ├─sub_0: Tensor(10, 10)
│ │ │     └─sub_1: Tensor(10, 10)
│ │ └─output: tuple(1)
│ │   └─sub_0: tuple(1)
│ │     └─sub_0: tuple(1)
│ │       └─sub_0: tuple(1)
│ │         └─sub_0: tuple(1)
│ │           └─sub_0: Tensor(10, 10)
│ └─output: tuple(2)
│   ├─sub_0: list(1)
│   │ └─sub_0: Tensor(10, 10)
│   └─sub_1: list(3)
│     ├─sub_0: tuple(2)
│     │ ├─sub_0: list(1)
│     │ │ └─sub_0: Tensor(10, 10)
│     │ └─sub_1: Tensor(10, 10)
│     ├─sub_1: tuple(2)
│     │ ├─sub_0: list(1)
│     │ │ └─sub_0: Tensor(10, 10)
│     │ └─sub_1: Tensor(10, 10)
│     └─sub_2: tuple(2)
│       ├─sub_0: list(1)
│       │ └─sub_0: Tensor(10, 10)
│       └─sub_1: Tensor(10, 10)
├─linear_0: OpaqueGraphModule
│ ├─input: Tensor(10, 10)
│ ├─constants: list(2)
│ │ ├─sub_0: str
│ │ └─sub_1: str
│ ├─bias: Tensor(10)
│ ├─in_features: int
│ ├─out_features: int
│ ├─weight: Tensor(10, 10)
│ └─output: Tensor(10, 10)
├─linear_1: OpaqueGraphModule
│ ├─input: Tensor(10, 10)
│ ├─constants: list(2)
│ │ ├─sub_0: str
│ │ └─sub_1: str
│ ├─bias: Tensor(10)
│ ├─in_features: int
│ ├─out_features: int
│ ├─weight: Tensor(10, 10)
│ └─output: Tensor(10, 10)
└─output: tuple(3)
  ├─sub_0: tuple(1)
  │ └─sub_0: Tensor(10, 10)
  ├─sub_1: list(3)
  │ ├─sub_0: tuple(2)
  │ │ ├─sub_0: list(1)
  │ │ │ └─sub_0: Tensor(10, 10)
  │ │ └─sub_1: Tensor(10, 10)
  │ ├─sub_1: tuple(2)
  │ │ ├─sub_0: list(1)
  │ │ │ └─sub_0: Tensor(10, 10)
  │ │ └─sub_1: Tensor(10, 10)
  │ └─sub_2: tuple(2)
  │   ├─sub_0: list(1)
  │   │ └─sub_0: Tensor(10, 10)
  │   └─sub_1: Tensor(10, 10)
  └─sub_2: dict(1)
    └─nested_dict: list(1)
      └─sub_0: tuple(1)
        └─sub_0: Tensor(10, 10)
'''