'''
<root>: OpaqueGraphModule
├─root_inputs: Tensor(1, 100)
├─root_linear: OpaqueGraphModule
│ ├─input: Tensor(1, 100)
│ ├─constants: list(2)
│ │ ├─sub_0: str
│ │ └─sub_1: str
│ ├─bias: Tensor(100)
│ ├─in_features: int
│ ├─out_features: int
│ ├─weight: Tensor(100, 100)
│ └─output: Tensor(1, 100)
├─child_a: OpaqueGraphModule
│ ├─a_inputs: Tensor(1, 100)
│ ├─a_linear: OpaqueGraphModule
│ │ ├─input: Tensor(1, 100)
│ │ ├─constants: list(2)
│ │ │ ├─sub_0: str
│ │ │ └─sub_1: str
│ │ ├─bias: Tensor(100)
│ │ ├─in_features: int
│ │ ├─out_features: int
│ │ ├─weight: Tensor(100, 100)
│ │ └─output: Tensor(1, 100)
│ ├─grandchildren_b_0: OpaqueGraphModule
│ │ ├─b_inputs: Tensor(1, 100)
│ │ ├─a_inputs: Tensor(1, 100)
│ │ ├─b_linear: OpaqueGraphModule
│ │ │ ├─input: Tensor(1, 100)
│ │ │ ├─constants: list(2)
│ │ │ │ ├─sub_0: str
│ │ │ │ └─sub_1: str
│ │ │ ├─bias: Tensor(100)
│ │ │ ├─in_features: int
│ │ │ ├─out_features: int
│ │ │ ├─weight: Tensor(100, 100)
│ │ │ └─output: Tensor(1, 100)
│ │ ├─c: OpaqueGraphModule
│ │ │ ├─c_inputs: Tensor(1, 100)
│ │ │ ├─inputs_2: Tensor(1, 100)
│ │ │ ├─inputs_3: Tensor(1, 100)
│ │ │ ├─inputs_4: Tensor(1, 100)
│ │ │ ├─c_linear: OpaqueGraphModule
│ │ │ │ ├─input: Tensor(1, 100)
│ │ │ │ ├─constants: list(2)
│ │ │ │ │ ├─sub_0: str
│ │ │ │ │ └─sub_1: str
│ │ │ │ ├─bias: Tensor(100)
│ │ │ │ ├─in_features: int
│ │ │ │ ├─out_features: int
│ │ │ │ ├─weight: Tensor(100, 100)
│ │ │ │ └─output: Tensor(1, 100)
│ │ │ ├─c_unused: OpaqueGraphModule
│ │ │ │ ├─input
│ │ │ │ ├─constants
│ │ │ │ ├─bias
│ │ │ │ ├─in_features
│ │ │ │ ├─out_features
│ │ │ │ ├─weight
│ │ │ │ └─output
│ │ │ └─output: Tensor(1, 100)
│ │ └─output: Tensor(1, 100)
│ ├─grandchildren_b_1: OpaqueGraphModule
│ │ ├─b_inputs: Tensor(1, 100)
│ │ ├─a_inputs: Tensor(1, 100)
│ │ ├─b_linear: OpaqueGraphModule
│ │ │ ├─input: Tensor(1, 100)
│ │ │ ├─constants: list(2)
│ │ │ │ ├─sub_0: str
│ │ │ │ └─sub_1: str
│ │ │ ├─bias: Tensor(100)
│ │ │ ├─in_features: int
│ │ │ ├─out_features: int
│ │ │ ├─weight: Tensor(100, 100)
│ │ │ └─output: Tensor(1, 100)
│ │ ├─c: OpaqueGraphModule
│ │ │ ├─c_inputs: Tensor(1, 100)
│ │ │ ├─inputs_2: Tensor(1, 100)
│ │ │ ├─inputs_3: Tensor(1, 100)
│ │ │ ├─inputs_4: Tensor(1, 100)
│ │ │ ├─c_linear: OpaqueGraphModule
│ │ │ │ ├─input: Tensor(1, 100)
│ │ │ │ ├─constants: list(2)
│ │ │ │ │ ├─sub_0: str
│ │ │ │ │ └─sub_1: str
│ │ │ │ ├─bias: Tensor(100)
│ │ │ │ ├─in_features: int
│ │ │ │ ├─out_features: int
│ │ │ │ ├─weight: Tensor(100, 100)
│ │ │ │ └─output: Tensor(1, 100)
│ │ │ ├─c_unused: OpaqueGraphModule
│ │ │ │ ├─input
│ │ │ │ ├─constants
│ │ │ │ ├─bias
│ │ │ │ ├─in_features
│ │ │ │ ├─out_features
│ │ │ │ ├─weight
│ │ │ │ └─output
│ │ │ └─output: Tensor(1, 100)
│ │ └─output: Tensor(1, 100)
│ ├─grandchildren_b_2: OpaqueGraphModule
│ │ ├─b_inputs
│ │ ├─a_inputs
│ │ ├─b_linear: OpaqueGraphModule
│ │ │ ├─input
│ │ │ ├─constants
│ │ │ ├─bias
│ │ │ ├─in_features
│ │ │ ├─out_features
│ │ │ ├─weight
│ │ │ └─output
│ │ ├─c: OpaqueGraphModule
│ │ │ ├─c_inputs
│ │ │ ├─inputs_2
│ │ │ ├─inputs_3
│ │ │ ├─inputs_4
│ │ │ ├─c_linear: OpaqueGraphModule
│ │ │ │ ├─input
│ │ │ │ ├─constants
│ │ │ │ ├─bias
│ │ │ │ ├─in_features
│ │ │ │ ├─out_features
│ │ │ │ ├─weight
│ │ │ │ └─output
│ │ │ ├─c_unused: OpaqueGraphModule
│ │ │ │ ├─input
│ │ │ │ ├─constants
│ │ │ │ ├─bias
│ │ │ │ ├─in_features
│ │ │ │ ├─out_features
│ │ │ │ ├─weight
│ │ │ │ └─output
│ │ │ └─output
│ │ └─output
│ ├─grandchildren_b_3: OpaqueGraphModule
│ │ ├─b_inputs: Tensor(1, 100)
│ │ ├─a_inputs: Tensor(1, 100)
│ │ ├─b_linear: OpaqueGraphModule
│ │ │ ├─input: Tensor(1, 100)
│ │ │ ├─constants: list(2)
│ │ │ │ ├─sub_0: str
│ │ │ │ └─sub_1: str
│ │ │ ├─bias: Tensor(100)
│ │ │ ├─in_features: int
│ │ │ ├─out_features: int
│ │ │ ├─weight: Tensor(100, 100)
│ │ │ └─output: Tensor(1, 100)
│ │ ├─c: OpaqueGraphModule
│ │ │ ├─c_inputs: Tensor(1, 100)
│ │ │ ├─inputs_2: Tensor(1, 100)
│ │ │ ├─inputs_3: Tensor(1, 100)
│ │ │ ├─inputs_4: Tensor(1, 100)
│ │ │ ├─c_linear: OpaqueGraphModule
│ │ │ │ ├─input: Tensor(1, 100)
│ │ │ │ ├─constants: list(2)
│ │ │ │ │ ├─sub_0: str
│ │ │ │ │ └─sub_1: str
│ │ │ │ ├─bias: Tensor(100)
│ │ │ │ ├─in_features: int
│ │ │ │ ├─out_features: int
│ │ │ │ ├─weight: Tensor(100, 100)
│ │ │ │ └─output: Tensor(1, 100)
│ │ │ ├─c_unused: OpaqueGraphModule
│ │ │ │ ├─input
│ │ │ │ ├─constants
│ │ │ │ ├─bias
│ │ │ │ ├─in_features
│ │ │ │ ├─out_features
│ │ │ │ ├─weight
│ │ │ │ └─output
│ │ │ └─output: Tensor(1, 100)
│ │ └─output: Tensor(1, 100)
│ └─output: Tensor(1, 100)
└─output: Tensor(1, 100)
'''