'''
<root>: OpaqueGraphModule
├─x: Tensor(3, 3)
├─foos: tuple(3)
│ ├─sub_0: Tensor(3, 3)
│ ├─sub_1: Tensor(3, 3)
│ └─sub_2: Tensor(3, 3)
├─blah: int
├─bars: dict(2)
│ ├─a: Tensor(3, 3)
│ └─b: Tensor(3, 3)
├─sub_shape: tuple(2)
│ ├─sub_0: int
│ └─sub_1: int
├─linear_0: OpaqueGraphModule
│ ├─input: Tensor(3, 3)
│ ├─constants: list(2)
│ │ ├─sub_0: str
│ │ └─sub_1: str
│ ├─bias: Tensor(3)
│ ├─in_features: int
│ ├─out_features: int
│ ├─weight: Tensor(3, 3)
│ └─output: Tensor(3, 3)
├─linear_1: OpaqueGraphModule
│ ├─input: Tensor(3, 3)
│ ├─constants: list(2)
│ │ ├─sub_0: str
│ │ └─sub_1: str
│ ├─bias: Tensor(3)
│ ├─in_features: int
│ ├─out_features: int
│ ├─weight: Tensor(3, 3)
│ └─output: Tensor(3, 3)
└─output: Tensor(3, 3)
'''