'''
<root>: OpaqueGraphModule
├─x: Tensor(3, 2)
├─sub_shape: tuple(2)
│ ├─sub_0: int
│ └─sub_1: int
├─ln: OpaqueGraphModule
│ ├─input: Tensor(3, 2)
│ ├─bias: Tensor(2)
│ ├─eps: float
│ ├─normalized_shape: tuple(1)
│ │ └─sub_0: int
│ ├─weight: Tensor(2)
│ └─output: Tensor(3, 2)
└─output: Tensor(3, 2)
'''