'''
<root>: OpaqueGraphModule
├─sub_shape_1: Tensor(3, 2)
├─sub_code: int
├─sub_shape: int
├─_shape_1: tuple(2)
│ ├─sub_0: int
│ └─sub_1: int
├─bar: tuple(2)
│ ├─sub_0: float
│ └─sub_1: tuple(2)
│   ├─sub_0: float
│   └─sub_1: float
├─_code_: OpaqueGraphModule
│ ├─input: Tensor(3, 2)
│ ├─constants: list(2)
│ │ ├─sub_0: str
│ │ └─sub_1: str
│ ├─bias: Tensor(3)
│ ├─in_features: int
│ ├─out_features: int
│ ├─weight: Tensor(3, 2)
│ └─output: Tensor(3, 3)
└─output: Tensor(3, 3)
'''