'''
<root>: OpaqueGraphModule
├─x: Tensor(3, 2)
├─sub_shape: tuple(2)
│ ├─sub_0: int
│ └─sub_1: int
├─linear_0: OpaqueGraphModule
│ ├─input: Tensor(3, 2)
│ ├─constants: list(2)
│ │ ├─sub_0: str
│ │ └─sub_1: str
│ ├─bias: Tensor(3)
│ ├─in_features: int
│ ├─out_features: int
│ ├─weight: Tensor(3, 2)
│ └─output: Tensor(3, 3)
├─linear_1: OpaqueGraphModule
│ ├─input: Tensor(3, 2)
│ ├─constants: list(2)
│ │ ├─sub_0: str
│ │ └─sub_1: str
│ ├─bias: Tensor(3)
│ ├─in_features: int
│ ├─out_features: int
│ ├─weight: Tensor(3, 2)
│ └─output: Tensor(3, 3)
└─output: tuple(2)
  ├─sub_0: Tensor(3, 3)
  └─sub_1: Tensor(3, 3)
'''